=== does old repo path exist? ===
/home/adi/projects/cloud-sync-checker

=== hardcoded cloud-sync-checker refs in tracked files ===
./scripts/validation/protocol-service.sh:32:repo=/home/adi/projects/cloud-sync-checker
./scripts/validation/protocol-service.sh:33:state="/tmp/cloud-sync-checker-$project"
./scripts/validation/validation-infrastructure.test.mjs:28:    'cloud-sync-checker/sftp-validation@sha256:04907991d1417618fbe8dadc349e5db305cc19a7af66cb4c7198c7be769e31ac',
./scripts/validation/validation-infrastructure.test.mjs:29:    'cloud-sync-checker/ftp-validation@sha256:2da5459eb4585bfae30c1bd38a139b21fe3fa09c065368a0654456fac91ca4d0',
./scripts/validation/validation-infrastructure.test.mjs:30:    'cloud-sync-checker/webdav-validation@sha256:cb1f1889e8ad8bdcce860c6c368c5ff7a627805bbc02e2c25fdb192d28838ee5',
./scripts/validation/validation-infrastructure.test.mjs:52:    join(tmpdir(), 'cloud-sync-checker-fixture-test-'),
./scripts/validation/validation-infrastructure.test.mjs:55:    join(tmpdir(), 'cloud-sync-checker-fixture-test-'),
./scripts/validation/validation-infrastructure.test.mjs:171:  assert.match(source, /cloud-sync-checker-validator\.lock/);
./scripts/validation/validation-infrastructure.test.mjs:184:    join(tmpdir(), 'cloud-sync-checker-launcher-test-'),
./scripts/validation/fixture-manifest.sh:21:case "$state" in /tmp/cloud-sync-checker-*) ;; *) exit 64 ;; esac
./scripts/validation/metro-service.sh:18:case "$state" in /tmp/cloud-sync-checker-*) ;; *) exit 64 ;; esac
./scripts/validation/fixture-seed.sh:19:  /tmp/cloud-sync-checker-*) ;;
./scripts/validation/android-validator.sh:20:  31:dependency_api31:/tmp/cloud-sync-checker-api31) ;;
./scripts/validation/android-validator.sh:21:  36:dependency_api36:/tmp/cloud-sync-checker-api36) ;;
./scripts/validation/android-validator.sh:24:[ "$exclusive_lock" = /tmp/cloud-sync-checker-validator.lock ] || exit 64
./scripts/validation/protocol-services.sh:6:repo=/home/adi/projects/cloud-sync-checker
./scripts/validation/android-flow.sh:19:repo=/home/adi/projects/cloud-sync-checker
./scripts/validation/android-flow.sh:36:      --state /tmp/cloud-sync-checker-metro || status=1
./scripts/validation/android-flow.sh:41:      --state "/tmp/cloud-sync-checker-api$active_api" \
./scripts/validation/android-flow.sh:42:      --exclusive-lock /tmp/cloud-sync-checker-validator.lock || status=1
./scripts/validation/android-flow.sh:76:    --state /tmp/cloud-sync-checker-metro
./scripts/validation/android-flow.sh:84:    --state "/tmp/cloud-sync-checker-api$api" \
./scripts/validation/android-flow.sh:85:    --exclusive-lock /tmp/cloud-sync-checker-validator.lock
./scripts/validation/android-flow.sh:86:  serial=$(cat "/tmp/cloud-sync-checker-api$api/serial")
./scripts/validation/android-flow.sh:88:  export SYNCSCOPE_SFTP_CREDENTIAL_FILE=/tmp/cloud-sync-checker-syncscope-sftp/credentials
./scripts/validation/android-flow.sh:89:  export SYNCSCOPE_WEBDAV_CREDENTIAL_FILE=/tmp/cloud-sync-checker-syncscope-webdav/credentials
./scripts/validation/android-flow.sh:90:  export SYNCSCOPE_FTP_CREDENTIAL_FILE=/tmp/cloud-sync-checker-syncscope-ftp/credentials
./scripts/validation/android-flow.sh:110:      /home/adi/.cache/cloud-sync-checker-toolchain/maestro-2.10.0/maestro/bin/maestro \
./scripts/validation/android-flow.sh:116:    --state "/tmp/cloud-sync-checker-api$api" \
./scripts/validation/android-flow.sh:117:    --exclusive-lock /tmp/cloud-sync-checker-validator.lock
./validation/services/compose.yaml:3:    image: cloud-sync-checker/sftp-validation@sha256:04907991d1417618fbe8dadc349e5db305cc19a7af66cb4c7198c7be769e31ac
./validation/services/compose.yaml:19:    image: cloud-sync-checker/ftp-validation@sha256:2da5459eb4585bfae30c1bd38a139b21fe3fa09c065368a0654456fac91ca4d0
./validation/services/compose.yaml:36:    image: cloud-sync-checker/webdav-validation@sha256:cb1f1889e8ad8bdcce860c6c368c5ff7a627805bbc02e2c25fdb192d28838ee5
./android/app/build.gradle:118:        System.getenv("ROBOLECTRIC_REPO_URL") ?: "file:///home/adi/.cache/cloud-sync-checker-toolchain/robolectric-m2/repository"
./android/app/build.gradle:120:        System.getenv("ROBOLECTRIC_DEPENDENCY_DIR") ?: "/home/adi/.cache/cloud-sync-checker-toolchain/robolectric-m2/dependency-cache"

=== docker images present locally? ===
cloud-sync-checker/sftp-validation@sha256:04907991d1417618fbe8dadc349e5db305cc19a7af66cb4c7198c7be769e31ac
cloud-sync-checker/ftp-validation@sha256:2da5459eb4585bfae30c1bd38a139b21fe3fa09c065368a0654456fac91ca4d0
cloud-sync-checker/webdav-validation@sha256:cb1f1889e8ad8bdcce860c6c368c5ff7a627805bbc02e2c25fdb192d28838ee5
cloud-sync-checker/ftp-probe@sha256:e786f83d01dd298cf1809943a6aa83dff4b67523bfa12b342fd0177002e2197e
cloud-sync-checker/sftp-probe@sha256:7f5a4e5b645ecbe7e93b0176b6c04f1fe413fb599611ab51f4028a0ea50dbccb
cloud-sync-checker/webdav-probe@sha256:25baa4a75c12dfd48988c14277cab3ff2099ad8d5c56793cc44bd589c11be4fd
