=== generated codegen dirs (if any prior build) ===
=== NativeCloudSyncSpec references anywhere ===
./package.json:68:    "name": "NativeCloudSyncSpec",
=== gradle deps cache: sshj / commons-net / okhttp ===
=== maven local? ===
=== offline gradle? check gradle.properties for offline ===
=== toolchain cache contents ===
android-sdk
android-user-home
avd
commandlinetools.zip
emulator-home
gradle-home
jdk17
jna-cache
maestro-2.10.0
maestro-2.10.0.zip
maestro-cache
maestro-checksums-2.10.0.txt
maestro-home
npm-cache
pnpm-home
pnpm-store
robolectric-m2
temurin17.tar.gz
xdg-cache
