=== CloudSync.test.ts (how module is mocked) ===
import {TurboModuleRegistry} from 'react-native';

import {CloudSync, queryFiles} from '../CloudSync';
import {MAX_PAGE_SIZE} from '../CloudSyncContracts';
import type {Spec} from '../specs/NativeCloudSync';

describe('CloudSync typed wrapper', () => {
  afterEach(() => {
    jest.restoreAllMocks();
  });

  it('reports unavailability instead of throwing during detection', () => {
    jest.spyOn(TurboModuleRegistry, 'get').mockReturnValue(null);
    expect(CloudSync.isAvailable()).toBe(false);
  });

  it('clamps page sizes before any native call', async () => {
    const queryFilesMock = jest.fn().mockResolvedValue({
      contractVersion: 1,
      status: 'ok',
      page: {entries: [], nextPageToken: null, counts: null},
    });
    jest
      .spyOn(TurboModuleRegistry, 'get')
      .mockReturnValue({queryFiles: queryFilesMock} as unknown as Spec);

    await queryFiles(
      'snapshot-1',
      {filter: 'ALL', view: 'LIST', sort: 'NAME_ASC', pageSize: 100000},
      null,
    );

    expect(queryFilesMock).toHaveBeenCalledWith(
      'snapshot-1',
      expect.objectContaining({pageSize: MAX_PAGE_SIZE}),
      null,
    );
  });

  it('passes native error envelopes through unchanged', async () => {
    jest.spyOn(TurboModuleRegistry, 'get').mockReturnValue({
      queryFiles: jest.fn().mockResolvedValue({
        contractVersion: 1,
        status: 'error',
        error: {
          code: 'PAGE_TOKEN_MISMATCH',
          message: 'Page token does not match the query.',
          action: 'RESTART_QUERY',
        },
      }),
    } as unknown as Spec);

    const result = await queryFiles('snapshot-1', {
      filter: 'SYNCED',
      view: 'LIST',
      sort: 'TIME_DESC',
    });

    expect(result.status).toBe('error');
    if (result.status === 'error') {

=== jest.config.js / setup ===
module.exports = {
  preset: '@react-native/jest-preset',
  moduleNameMapper: {
    '\\.ttf$': '<rootDir>/jest.font-stub.js',
  },
  setupFilesAfterEnv: ['<rootDir>/jest.setup.js'],
  transformIgnorePatterns: [
    'node_modules/.pnpm/(?!(?:@react-native\\+.*|@react-native-vector-icons\\+.*|@react-navigation\\+.*|react-native@|react-native-paper@|react-native-safe-area-context@|react-native-screens@))',
    'node_modules/(?!\\.pnpm|(?:@react-native|@react-native-vector-icons|@react-navigation|react-native|react-native-paper|react-native-safe-area-context|react-native-screens)/)',
  ],
};
/* eslint-env jest */

jest.mock(
  'react-native-safe-area-context',
  () => require('react-native-safe-area-context/jest/mock').default,
);

=== protocol-audit.sh (what it asserts) ===
#!/bin/sh
set -eu

protocol=${1:-}
log_file=${2:-}
[ -f "$log_file" ] || exit 0

case "$protocol" in
  sftp)
    forbidden='(open .*flags (READ|WRITE)|remove name|rename old|mkdir name|rmdir name|symlink old)'
    ;;
  webdav)
    forbidden='(^|[[:space:]])(GET|PUT|DELETE|MOVE|COPY|MKCOL|PATCH|POST)([[:space:]]|$)'
    ;;
  ftp)
    forbidden='(RETR|STOR|APPE|DELE|RNFR|RNTO|MKD|RMD|PORT|EPRT)'
    ;;
  *)
    exit 64
    ;;
esac

if grep -Eiq "$forbidden" "$log_file"; then
  printf '%s\n' "$protocol audit: prohibited content or mutation operation observed" >&2
  exit 1
fi
printf '%s\n' "$protocol audit: metadata-read operation allowlist is clean"
