API31_EXIT=1 ms=21172
$ scripts/validation/android-flow.sh connected --api 31
Emulator or validator lock failed to start.
Refusing to stop an unowned validator.
ftp audit: metadata-read operation allowlist is clean
ftp: zero unexpected remote changes
 Container syncscope-ftp-ftp-1 Stopping 
 Container syncscope-ftp-ftp-1 Stopped 
 Container syncscope-ftp-ftp-1 Removing 
 Container syncscope-ftp-ftp-1 Removed 
 Network syncscope-ftp_default Removing 
 Network syncscope-ftp_default Removed 
webdav audit: metadata-read operation allowlist is clean
webdav: zero unexpected remote changes
 Container syncscope-webdav-webdav-1 Stopping 
 Container syncscope-webdav-webdav-1 Stopped 
 Container syncscope-webdav-webdav-1 Removing 
 Container syncscope-webdav-webdav-1 Removed 
 Network syncscope-webdav_default Removing 
 Network syncscope-webdav_default Removed 
sftp audit: metadata-read operation allowlist is clean
sftp: zero unexpected remote changes
 Container syncscope-sftp-sftp-1 Stopping 
 Container syncscope-sftp-sftp-1 Stopped 
 Container syncscope-sftp-sftp-1 Removing 
 Container syncscope-sftp-sftp-1 Removed 
 Network syncscope-sftp_default Removing 
 Network syncscope-sftp_default Removed 
[ELIFECYCLE] Command failed with exit code 1.
