done? yes
--- step results ---
services:start rc=0 ms=13531
services:health rc=0 ms=3069
android:api31 rc=1 ms=20076
services:stop rc=1 ms=1678
--- log tail ---
 Container syncscope-ftp-ftp-1 Removed 
 Network syncscope-ftp_default Removing 
 Network syncscope-ftp_default Removed 
webdav audit: metadata-read operation allowlist is clean
webdav: zero unexpected remote changes
 Container syncscope-webdav-webdav-1 Stopping 
 Container syncscope-webdav-webdav-1 Stopped 
 Container syncscope-webdav-webdav-1 Removing 
 Container syncscope-webdav-webdav-1 Removed 
 Network syncscope-webdav_default Removing 
 Network syncscope-webdav_default Removed 
sftp audit: metadata-read operation allowlist is clean
sftp: zero unexpected remote changes
 Container syncscope-sftp-sftp-1 Stopping 
 Container syncscope-sftp-sftp-1 Stopped 
 Container syncscope-sftp-sftp-1 Removing 
 Container syncscope-sftp-sftp-1 Removed 
 Network syncscope-sftp_default Removing 
 Network syncscope-sftp_default Removed 
[ELIFECYCLE] Command failed with exit code 1.
$ scripts/validation/protocol-services.sh stop
Refusing to stop an unowned Compose project.
Refusing to stop an unowned Compose project.
Refusing to stop an unowned Compose project.
[ELIFECYCLE] Command failed with exit code 1.
