--- captured ftp audit copies ---
/tmp/t08-ftp-audit
/tmp/t08-ftp-audit2
/tmp/t08-ftp-audit3
== /tmp/t08-ftp-audit3: distinct client commands ==
--- leftover containers ---
none
--- leftover emulators ---
none
--- leftover validator state ---
none
--- git status ---
 M android/app/src/main/java/com/syncscope/remote/FtpRemoteClient.kt
 M android/app/src/main/java/com/syncscope/remote/WebDavRemoteClient.kt
 M scripts/validation/android-validator.sh
 M scripts/validation/protocol-audit.sh
 M scripts/validation/protocol-service.sh
?? .gsd/exec/0df7935f-37e4-4a07-b254-eec28c49ad60.meta.json
?? .gsd/exec/0df7935f-37e4-4a07-b254-eec28c49ad60.stderr
?? .gsd/exec/0df7935f-37e4-4a07-b254-eec28c49ad60.stdout
?? .gsd/exec/188e7967-ee76-4b4b-a240-b606fb7b3879.meta.json
?? .gsd/exec/188e7967-ee76-4b4b-a240-b606fb7b3879.stderr
?? .gsd/exec/188e7967-ee76-4b4b-a240-b606fb7b3879.stdout
?? .gsd/exec/1b27ea6f-60fe-47fd-a2a5-02a4d78bf9dd.meta.json
?? .gsd/exec/1b27ea6f-60fe-47fd-a2a5-02a4d78bf9dd.stderr
?? .gsd/exec/1b27ea6f-60fe-47fd-a2a5-02a4d78bf9dd.stdout
?? .gsd/exec/2982357a-cd04-4226-bcf4-dcb61734e1cd.meta.json
?? .gsd/exec/2982357a-cd04-4226-bcf4-dcb61734e1cd.stderr
?? .gsd/exec/2982357a-cd04-4226-bcf4-dcb61734e1cd.stdout
?? .gsd/exec/339ffe6c-8680-45c6-be5a-c46176e6ca31.meta.json
?? .gsd/exec/339ffe6c-8680-45c6-be5a-c46176e6ca31.stderr
?? .gsd/exec/339ffe6c-8680-45c6-be5a-c46176e6ca31.stdout
?? .gsd/exec/34a5f508-f3dc-475d-b2e8-e1a9468cb5be.meta.json
?? .gsd/exec/34a5f508-f3dc-475d-b2e8-e1a9468cb5be.stderr
?? .gsd/exec/34a5f508-f3dc-475d-b2e8-e1a9468cb5be.stdout
?? .gsd/exec/386a9dee-7d4e-4b94-9bf8-cbba165fab10.meta.json
?? .gsd/exec/386a9dee-7d4e-4b94-9bf8-cbba165fab10.stderr
?? .gsd/exec/386a9dee-7d4e-4b94-9bf8-cbba165fab10.stdout
?? .gsd/exec/40b3fa30-9cc1-4248-a3ac-ab5aad3f9750.meta.json
?? .gsd/exec/40b3fa30-9cc1-4248-a3ac-ab5aad3f9750.stderr
?? .gsd/exec/40b3fa30-9cc1-4248-a3ac-ab5aad3f9750.stdout
?? .gsd/exec/42627e83-1e9d-46ed-b460-5b03086643b1.meta.json
?? .gsd/exec/42627e83-1e9d-46ed-b460-5b03086643b1.stderr
?? .gsd/exec/42627e83-1e9d-46ed-b460-5b03086643b1.stdout
?? .gsd/exec/426f47e2-23f7-45ae-b2bc-08abbaef398e.meta.json
?? .gsd/exec/426f47e2-23f7-45ae-b2bc-08abbaef398e.stderr
?? .gsd/exec/426f47e2-23f7-45ae-b2bc-08abbaef398e.stdout
?? .gsd/exec/4561afe3-f825-44cc-9ab2-2f655702201e.meta.json
?? .gsd/exec/4561afe3-f825-44cc-9ab2-2f655702201e.stderr
?? .gsd/exec/4561afe3-f825-44cc-9ab2-2f655702201e.stdout
?? .gsd/exec/4d5a7080-7aeb-4e0b-ba0c-ee18dff548c2.meta.json
?? .gsd/exec/4d5a7080-7aeb-4e0b-ba0c-ee18dff548c2.stderr
?? .gsd/exec/4d5a7080-7aeb-4e0b-ba0c-ee18dff548c2.stdout
?? .gsd/exec/5b47027f-3ed7-4134-8494-45dcce3ef9f1.meta.json
?? .gsd/exec/5b47027f-3ed7-4134-8494-45dcce3ef9f1.stderr
?? .gsd/exec/5b47027f-3ed7-4134-8494-45dcce3ef9f1.stdout
?? .gsd/exec/5be01b7f-cff3-4e74-91d4-7d1389f5675d.meta.json
?? .gsd/exec/5be01b7f-cff3-4e74-91d4-7d1389f5675d.stderr
?? .gsd/exec/5be01b7f-cff3-4e74-91d4-7d1389f5675d.stdout
?? .gsd/exec/64365851-ed97-490b-b072-ea5027a27855.meta.json
?? .gsd/exec/64365851-ed97-490b-b072-ea5027a27855.stderr
?? .gsd/exec/64365851-ed97-490b-b072-ea5027a27855.stdout
?? .gsd/exec/6857c707-3b5d-4eb1-b71a-16e2a958a6bd.meta.json
?? .gsd/exec/6857c707-3b5d-4eb1-b71a-16e2a958a6bd.stderr
?? .gsd/exec/6857c707-3b5d-4eb1-b71a-16e2a958a6bd.stdout
?? .gsd/exec/71f3eb6a-28a6-4fc1-810b-a33fb888a323.meta.json
?? .gsd/exec/71f3eb6a-28a6-4fc1-810b-a33fb888a323.stderr
?? .gsd/exec/71f3eb6a-28a6-4fc1-810b-a33fb888a323.stdout
?? .gsd/exec/8c413ca9-2eb5-4b54-aa93-35496965c8df.meta.json
?? .gsd/exec/8c413ca9-2eb5-4b54-aa93-35496965c8df.stderr
?? .gsd/exec/8c413ca9-2eb5-4b54-aa93-35496965c8df.stdout
?? .gsd/exec/9be7dbf1-5daa-4f2f-9c19-9f56dbc63eca.meta.json
?? .gsd/exec/9be7dbf1-5daa-4f2f-9c19-9f56dbc63eca.stderr
?? .gsd/exec/9be7dbf1-5daa-4f2f-9c19-9f56dbc63eca.stdout
?? .gsd/exec/a00a3488-562e-44e2-b768-3252daa07480.meta.json
?? .gsd/exec/a00a3488-562e-44e2-b768-3252daa07480.stderr
?? .gsd/exec/a00a3488-562e-44e2-b768-3252daa07480.stdout
?? .gsd/exec/b3eb7cf7-9838-4ae1-afee-f77d3d068d32.meta.json
?? .gsd/exec/b3eb7cf7-9838-4ae1-afee-f77d3d068d32.stderr
?? .gsd/exec/b3eb7cf7-9838-4ae1-afee-f77d3d068d32.stdout
?? .gsd/exec/cfd8f353-f929-4a40-831c-5873540135c7.meta.json
?? .gsd/exec/cfd8f353-f929-4a40-831c-5873540135c7.stderr
?? .gsd/exec/cfd8f353-f929-4a40-831c-5873540135c7.stdout
?? .gsd/exec/d99a0d9d-d707-42f8-8973-c7284d2d5dce.meta.json
?? .gsd/exec/d99a0d9d-d707-42f8-8973-c7284d2d5dce.stderr
?? .gsd/exec/d99a0d9d-d707-42f8-8973-c7284d2d5dce.stdout
?? .gsd/exec/e3e7fb99-abf3-4976-88b0-4800dc897e42.meta.json
?? .gsd/exec/e3e7fb99-abf3-4976-88b0-4800dc897e42.stderr
?? .gsd/exec/e3e7fb99-abf3-4976-88b0-4800dc897e42.stdout
?? .gsd/exec/f4818764-e259-46f7-ba4c-12ae85c3fae0.meta.json
?? .gsd/exec/f4818764-e259-46f7-ba4c-12ae85c3fae0.stderr
?? .gsd/exec/f4818764-e259-46f7-ba4c-12ae85c3fae0.stdout
?? .gsd/exec/f602240a-f06d-4b49-9c26-7c59ad0f39b6.meta.json
?? .gsd/exec/f602240a-f06d-4b49-9c26-7c59ad0f39b6.stderr
?? .gsd/exec/f602240a-f06d-4b49-9c26-7c59ad0f39b6.stdout
