=== TEST-com.syncscope.FoundationUnitTest.xml ===
=== TEST-com.syncscope.persistence.PageTokenCodecTest.xml ===
acceptsMatchingToken | java.lang.RuntimeException: Method encodeToString in android.util.Base64 not mocked. See https://developer.android.com/r/studio-ui/build/not-mocked for details.
java.lang.RuntimeException: Method encodeToString in android.util.Base64 not mocked. See https://developer.android.com/r/studio-ui/build/not-mocked for details.
	at android.util.Base64.encodeToString(Base64.java)
	at com.syncscope.persistence.PageTokenCodec.enc(PageTokenCodec.kt:61)
	at com.syncscope.persistence.PageTokenCodec.encode(PageTokenCodec.kt:29)
	at com.syncscope.persistence.PageTokenCodecTest.acceptsMatchingToken(PageTokenCodecTest.kt:57)
	at java.base/jdk.internal.reflect.NativeMethodAccessorImpl.invoke0(Native Method)
--
rejectsQueryFingerprintMismatch | java.lang.RuntimeException: Method encodeToString in android.util.Base64 not mocked. See https://developer.android.com/r/studio-ui/build/not-mocked for details.
java.lang.RuntimeException: Method encodeToString in android.util.Base64 not mocked. See https://developer.android.com/r/studio-ui/build/not-mocked for details.
	at android.util.Base64.encodeToString(Base64.java)
	at com.syncscope.persistence.PageTokenCodec.enc(PageTokenCodec.kt:61)
	at com.syncscope.persistence.PageTokenCodec.encode(PageTokenCodec.kt:29)
	at com.syncscope.persistence.PageTokenCodecTest.rejectsQueryFingerprintMismatch(PageTokenCodecTest.kt:48)
	at java.base/jdk.internal.reflect.NativeMethodAccessorImpl.invoke0(Native Method)
--
rejectsSnapshotMismatch | java.lang.RuntimeException: Method encodeToString in android.util.Base64 not mocked. See https://developer.android.com/r/studio-ui/build/not-mocked for details.
java.lang.RuntimeException: Method encodeToString in android.util.Base64 not mocked. See https://developer.android.com/r/studio-ui/build/not-mocked for details.
	at android.util.Base64.encodeToString(Base64.java)
	at com.syncscope.persistence.PageTokenCodec.enc(PageTokenCodec.kt:61)
	at com.syncscope.persistence.PageTokenCodec.encode(PageTokenCodec.kt:29)
	at com.syncscope.persistence.PageTokenCodecTest.rejectsSnapshotMismatch(PageTokenCodecTest.kt:39)
	at java.base/jdk.internal.reflect.NativeMethodAccessorImpl.invoke0(Native Method)
--
roundTripsAllFields | java.lang.RuntimeException: Method encodeToString in android.util.Base64 not mocked. See https://developer.android.com/r/studio-ui/build/not-mocked for details.
java.lang.RuntimeException: Method encodeToString in android.util.Base64 not mocked. See https://developer.android.com/r/studio-ui/build/not-mocked for details.
	at android.util.Base64.encodeToString(Base64.java)
	at com.syncscope.persistence.PageTokenCodec.enc(PageTokenCodec.kt:61)
	at com.syncscope.persistence.PageTokenCodec.encode(PageTokenCodec.kt:29)
	at com.syncscope.persistence.PageTokenCodecTest.roundTripsAllFields(PageTokenCodecTest.kt:12)
	at java.base/jdk.internal.reflect.NativeMethodAccessorImpl.invoke0(Native Method)
--
=== TEST-com.syncscope.persistence.SchemaConstraintTest.xml ===
initializationError | org.junit.runners.model.InvalidTestClassError: Invalid test class 'com.syncscope.persistence.SchemaConstraintTest':
  1. Method foreignKeysAreEnforced() should be void
  2. Method remoteMatchKeyFullKeyIsUnique() should be void
org.junit.runners.model.InvalidTestClassError: Invalid test class 'com.syncscope.persistence.SchemaConstraintTest':
  1. Method foreignKeysAreEnforced() should be void
  2. Method remoteMatchKeyFullKeyIsUnique() should be void
	at org.junit.runners.ParentRunner.validate(ParentRunner.java:525)
	at org.junit.runners.ParentRunner.<init>(ParentRunner.java:92)
	at org.junit.runners.BlockJUnit4ClassRunner.<init>(BlockJUnit4ClassRunner.java:74)
--
=== TEST-com.syncscope.persistence.SchemaContractTest.xml ===
foreignKeysAreDeclared | java.lang.AssertionError
java.lang.AssertionError
	at org.junit.Assert.fail(Assert.java:87)
	at org.junit.Assert.assertTrue(Assert.java:42)
	at org.junit.Assert.assertTrue(Assert.java:53)
	at com.syncscope.persistence.SchemaContractTest.foreignKeysAreDeclared(SchemaContractTest.kt:78)
	at java.base/jdk.internal.reflect.NativeMethodAccessorImpl.invoke0(Native Method)
--
=== TEST-com.syncscope.persistence.SnapshotQueryTest.xml ===
=== TEST-com.syncscope.persistence.SnapshotStoreTest.xml ===
classMethod | java.lang.UnsupportedOperationException: Failed to create a Robolectric sandbox: Android SDK 36 requires Java 21 (have Java 17)
java.lang.UnsupportedOperationException: Failed to create a Robolectric sandbox: Android SDK 36 requires Java 21 (have Java 17)
	at org.robolectric.plugins.DefaultSdkProvider$DefaultSdk.verifySupportedSdk(DefaultSdkProvider.java:170)
	at org.robolectric.RobolectricTestRunner.getSandbox(RobolectricTestRunner.java:262)
	at org.robolectric.RobolectricTestRunner.getSandbox(RobolectricTestRunner.java:64)
	at org.robolectric.internal.SandboxTestRunner.sandboxGroupingClassBlock(SandboxTestRunner.java:140)
	at org.robolectric.internal.SandboxTestRunner.classBlock(SandboxTestRunner.java:119)
--
