
SchemaConstraintTest > trustedHostKeyAndCanonicalRootAndGenerationAreUnique FAILED
    java.lang.IllegalArgumentException at LocalDependencyResolver.java:50

SchemaConstraintTest > deletingSnapshotCascadesToAllRunData FAILED
    java.lang.IllegalArgumentException at LocalDependencyResolver.java:50

SnapshotStoreTest > failedAttemptWithNoPriorSnapshotLeavesPointerEmpty FAILED
    java.lang.IllegalArgumentException at LocalDependencyResolver.java:50

SnapshotStoreTest > abandonedRunsAreAbortedAndStagingReclaimedOnReopen FAILED
    java.lang.IllegalArgumentException at LocalDependencyResolver.java:50

SnapshotStoreTest > publishSwapsPointerAtomically FAILED
    java.lang.IllegalArgumentException at LocalDependencyResolver.java:50

SnapshotStoreTest > staleGenerationCannotPublishOrRewriteLastKnownGood FAILED
    java.lang.IllegalArgumentException at LocalDependencyResolver.java:50

SnapshotStoreTest > failedAttemptPreservesPointerAndRecordsStaleContext FAILED
    java.lang.IllegalArgumentException at LocalDependencyResolver.java:50

25 tests completed, 10 failed

> Task :app:testDebugUnitTest FAILED

[Incubating] Problems report is available at: file:///home/adi/projects/sync-scope/.gsd-worktrees/M001/android/build/reports/problems/problems-report.html

FAILURE: Build failed with an exception.

* What went wrong:
Execution failed for task ':app:testDebugUnitTest'.
> There were failing tests. See the report at: file:///home/adi/projects/sync-scope/.gsd-worktrees/M001/android/app/build/reports/tests/testDebugUnitTest/index.html

* Try:
> Run with --scan to get full insights from a Build Scan (powered by Develocity).

Deprecated Gradle features were used in this build, making it incompatible with Gradle 10.

You can use '--warning-mode all' to show the individual deprecation warnings and determine if they come from your own scripts or plugins.

For more on this, please refer to https://docs.gradle.org/9.4.1/userguide/command_line_interface.html#sec:command_line_warnings in the Gradle documentation.

BUILD FAILED in 1m 31s
109 actionable tasks: 98 executed, 11 up-to-date
GRADLE_EXIT=1
