
> Configure project :app
The current default is 'true'.
The current default is 'true'.
The legacy variant API is disabled by default in AGP 9.0, but can be re-enabled by adding 
to this project's gradle.properties file.

The legacy variant API is disabled by default in AGP 9.0, but can be re-enabled by adding 
to this project's gradle.properties file.

The legacy variant API is disabled by default in AGP 9.0, but can be re-enabled by adding 
to this project's gradle.properties file.


> Configure project :react-native-safe-area-context
The legacy variant API is disabled by default in AGP 9.0, but can be re-enabled by adding 
to this project's gradle.properties file.


[Incubating] Problems report is available at: file:///home/adi/projects/sync-scope/.gsd-worktrees/M001/android/build/reports/problems/problems-report.html

FAILURE: Build failed with an exception.

* What went wrong:
A problem occurred configuring project ':app'.
> Could not create task ':app:testDebugUnitTest'.
   > Failed to calculate the value of task ':app:testDebugUnitTest' property 'javaLauncher'.
      > Cannot find a Java installation on your machine (Linux 6.18.52-1-lts amd64) matching: {languageVersion=21, vendor=any vendor, implementation=vendor-specific, nativeImageCapable=false}. Toolchain download repositories have not been configured.

* Try:
> Learn more about toolchain auto-detection and auto-provisioning at https://docs.gradle.org/9.4.1/userguide/toolchains.html#sec:auto_detection.
> Learn more about toolchain repositories at https://docs.gradle.org/9.4.1/userguide/toolchains.html#sub:download_repositories.
> Run with --stacktrace option to get the stack trace.
> Run with --info or --debug option to get more log output.
> Run with --scan to get full insights from a Build Scan (powered by Develocity).
> Get more help at https://help.gradle.org.

Deprecated Gradle features were used in this build, making it incompatible with Gradle 10.

You can use '--warning-mode all' to show the individual deprecation warnings and determine if they come from your own scripts or plugins.

For more on this, please refer to https://docs.gradle.org/9.4.1/userguide/command_line_interface.html#sec:command_line_warnings in the Gradle documentation.

BUILD FAILED in 16s
10 actionable tasks: 10 up-to-date
GRADLE_EXIT=1
