start rc=0
user present: yes
--- OPTIONS /webdav/ ---
HTTP/1.1 401 Unauthorized
Date: Wed, 23 Sep 2026 06:22:30 GMT
Server: Apache/2.4.66 (Unix)
WWW-Authenticate: Basic realm="SyncScope validation fixture"
Content-Length: 421
Content-Type: text/html; charset=iso-8859-1

<!DOCTYPE HTML PUBLIC "-//W3C//DTD HTML 4.01//EN" "http://www.w3.org/TR/html4/strict.dtd">
<html><head>
<title>401 Unauthorized</title>
</head><body>
<h1>Unauthorized</h1>
<p>This server could not verify that you
are authorized to access the document
requested.  Either you supplied the wrong
--- OPTIONS / ---
status=200
--- PROPFIND /webdav/ depth 1 (names only) ---
--- no-auth OPTIONS status ---
status=401
